{"sessionId":"6414f3","hypothesisId":"H14","location":"DialogueUI.ShowLine","message":"portrait_layout","data":{"solo":true,"leftH":483.0,"rightH":1041.9,"leftActive":false,"rightActive":true,"profileH":F3},"timestamp":1788184968615}
{"sessionId":"6414f3","hypothesisId":"H14","location":"DialogueUI.ShowLine","message":"portrait_layout","data":{"solo":true,"leftH":483.0,"rightH":1041.9,"leftActive":false,"rightActive":true,"profileH":F3},"timestamp":1788184969756}
{"sessionId":"6414f3","hypothesisId":"H14","location":"DialogueUI.ShowLine","message":"portrait_layout","data":{"solo":true,"leftH":483.0,"rightH":1041.9,"leftActive":false,"rightActive":true,"profileH":F3},"timestamp":1788184984855}
{"sessionId":"6414f3","hypothesisId":"H14","location":"DialogueUI.ShowLine","message":"portrait_layout","data":{"solo":true,"leftH":483.0,"rightH":1041.9,"leftActive":false,"rightActive":true,"profileH":F3},"timestamp":1788184986045}
{"sessionId":"6414f3","hypothesisId":"H14","location":"DialogueUI.ShowLine","message":"portrait_layout","data":{"solo":true,"leftH":483.0,"rightH":1041.9,"leftActive":false,"rightActive":true,"profileH":F3},"timestamp":1788185016880}
{"sessionId":"6414f3","hypothesisId":"H12","location":"Monster.InitFromTemplate","message":"hpbar_state","data":{"hasHpBar":true,"name":"Visual","hpBarActive":true},"timestamp":1788185029581}
{"sessionId":"6414f3","hypothesisId":"H12","location":"Monster.InitFromTemplate","message":"hpbar_state","data":{"hasHpBar":true,"name":"Visual","hpBarActive":true},"timestamp":1788185029583}
{"sessionId":"6414f3","hypothesisId":"H12","location":"Monster.InitFromTemplate","message":"hpbar_state","data":{"hasHpBar":true,"name":"Visual","hpBarActive":true},"timestamp":1788185029585}
{"sessionId":"6414f3","hypothesisId":"H12","location":"Monster.InitFromTemplate","message":"hpbar_state","data":{"hasHpBar":true,"name":"Visual","hpBarActive":true},"timestamp":1788185029586}
{"sessionId":"6414f3","hypothesisId":"H4","location":"BattleVFXSystem.PlaySlash","message":"slash_facing","data":{"facingDir":1,"scaleX":1.300,"faction":"Ally","posX":F2},"timestamp":1788185031805}
{"sessionId":"6414f3","hypothesisId":"H4","location":"BattleVFXSystem.PlaySlash","message":"slash_facing","data":{"facingDir":-1,"scaleX":-1.000,"faction":"Enemy","posX":F2},"timestamp":1788185031818}
{"sessionId":"6414f3","hypothesisId":"H1","location":"UnitAnimation.SpumDamagedFlash","message":"flash_start","data":{"gen":1,"flashed":29,"shadowSr":1,"unit":"Hero"},"timestamp":1788185031819}
{"sessionId":"6414f3","hypothesisId":"H1","location":"UnitAnimation.SpumDamagedFlash","message":"flash_start","data":{"gen":2,"flashed":29,"shadowSr":1,"unit":"Hero"},"timestamp":1788185031876}
{"sessionId":"6414f3","hypothesisId":"H1","location":"UnitAnimation.SpumDamagedFlash","message":"flash_restore_baseline","data":{"gen":2,"latestGen":2},"timestamp":1788185032042}
{"sessionId":"6414f3","hypothesisId":"H4","location":"BattleVFXSystem.PlaySlash","message":"slash_facing","data":{"facingDir":1,"scaleX":1.300,"faction":"Ally","posX":F2},"timestamp":1788185033142}
{"sessionId":"6414f3","hypothesisId":"H4","location":"BattleVFXSystem.PlaySlash","message":"slash_facing","data":{"facingDir":1,"scaleX":1.300,"faction":"Ally","posX":F2},"timestamp":1788185034443}
{"sessionId":"6414f3","hypothesisId":"H4","location":"BattleVFXSystem.PlaySlash","message":"slash_facing","data":{"facingDir":-1,"scaleX":-1.000,"faction":"Enemy","posX":F2},"timestamp":1788185035119}
{"sessionId":"6414f3","hypothesisId":"H1","location":"UnitAnimation.SpumDamagedFlash","message":"flash_start","data":{"gen":3,"flashed":29,"shadowSr":1,"unit":"Hero"},"timestamp":1788185035120}
{"sessionId":"6414f3","hypothesisId":"H1","location":"UnitAnimation.SpumDamagedFlash","message":"flash_restore_baseline","data":{"gen":3,"latestGen":3},"timestamp":1788185035287}
{"sessionId":"6414f3","hypothesisId":"H4","location":"BattleVFXSystem.PlaySlash","message":"slash_facing","data":{"facingDir":-1,"scaleX":-1.000,"faction":"Enemy","posX":F2},"timestamp":1788185035419}
{"sessionId":"6414f3","hypothesisId":"H1","location":"UnitAnimation.SpumDamagedFlash","message":"flash_start","data":{"gen":4,"flashed":29,"shadowSr":1,"unit":"Hero"},"timestamp":1788185035420}
{"sessionId":"6414f3","hypothesisId":"H1","location":"UnitAnimation.SpumDamagedFlash","message":"flash_start","data":{"gen":5,"flashed":29,"shadowSr":1,"unit":"Hero"},"timestamp":1788185035519}
{"sessionId":"6414f3","hypothesisId":"H1","location":"UnitAnimation.SpumDamagedFlash","message":"flash_start","data":{"gen":6,"flashed":29,"shadowSr":1,"unit":"Hero"},"timestamp":1788185035621}
{"sessionId":"6414f3","hypothesisId":"H1","location":"UnitAnimation.SpumDamagedFlash","message":"flash_restore_baseline","data":{"gen":6,"latestGen":6},"timestamp":1788185035786}
{"sessionId":"6414f3","hypothesisId":"H4","location":"BattleVFXSystem.PlaySlash","message":"slash_facing","data":{"facingDir":1,"scaleX":1.300,"faction":"Ally","posX":F2},"timestamp":1788185035987}
{"sessionId":"6414f3","hypothesisId":"H4","location":"BattleVFXSystem.PlaySlash","message":"slash_facing","data":{"facingDir":1,"scaleX":1.300,"faction":"Ally","posX":F2},"timestamp":1788185037285}
{"sessionId":"6414f3","hypothesisId":"H4","location":"BattleVFXSystem.PlaySlash","message":"slash_facing","data":{"facingDir":1,"scaleX":1.300,"faction":"Ally","posX":F2},"timestamp":1788185038586}
{"sessionId":"6414f3","hypothesisId":"H4","location":"BattleVFXSystem.PlaySlash","message":"slash_facing","data":{"facingDir":-1,"scaleX":-1.000,"faction":"Enemy","posX":F2},"timestamp":1788185038887}
{"sessionId":"6414f3","hypothesisId":"H1","location":"UnitAnimation.SpumDamagedFlash","message":"flash_start","data":{"gen":7,"flashed":29,"shadowSr":1,"unit":"Hero"},"timestamp":1788185038888}
{"sessionId":"6414f3","hypothesisId":"H1","location":"UnitAnimation.SpumDamagedFlash","message":"flash_restore_baseline","data":{"gen":7,"latestGen":7},"timestamp":1788185039053}
{"sessionId":"6414f3","hypothesisId":"H4","location":"BattleVFXSystem.PlaySlash","message":"slash_facing","data":{"facingDir":-1,"scaleX":-1.000,"faction":"Enemy","posX":F2},"timestamp":1788185039219}
{"sessionId":"6414f3","hypothesisId":"H1","location":"UnitAnimation.SpumDamagedFlash","message":"flash_start","data":{"gen":8,"flashed":29,"shadowSr":1,"unit":"Hero"},"timestamp":1788185039220}
{"sessionId":"6414f3","hypothesisId":"H1","location":"UnitAnimation.SpumDamagedFlash","message":"flash_start","data":{"gen":9,"flashed":29,"shadowSr":1,"unit":"Hero"},"timestamp":1788185039319}
{"sessionId":"6414f3","hypothesisId":"H1","location":"UnitAnimation.SpumDamagedFlash","message":"flash_restore_baseline","data":{"gen":9,"latestGen":9},"timestamp":1788185039486}
{"sessionId":"6414f3","hypothesisId":"H4","location":"BattleVFXSystem.PlaySlash","message":"slash_facing","data":{"facingDir":1,"scaleX":1.300,"faction":"Ally","posX":F2},"timestamp":1788185040086}
{"sessionId":"6414f3","hypothesisId":"H4","location":"BattleVFXSystem.PlaySlash","message":"slash_facing","data":{"facingDir":1,"scaleX":1.300,"faction":"Ally","posX":F2},"timestamp":1788185041386}
{"sessionId":"6414f3","hypothesisId":"H4","location":"BattleVFXSystem.PlaySlash","message":"slash_facing","data":{"facingDir":-1,"scaleX":-1.000,"faction":"Enemy","posX":F2},"timestamp":1788185042520}
{"sessionId":"6414f3","hypothesisId":"H1","location":"UnitAnimation.SpumDamagedFlash","message":"flash_start","data":{"gen":10,"flashed":29,"shadowSr":1,"unit":"Hero"},"timestamp":1788185042521}
{"sessionId":"6414f3","hypothesisId":"H1","location":"UnitAnimation.SpumDamagedFlash","message":"flash_restore_baseline","data":{"gen":10,"latestGen":10},"timestamp":1788185042686}
{"sessionId":"6414f3","hypothesisId":"H4","location":"BattleVFXSystem.PlaySlash","message":"slash_facing","data":{"facingDir":1,"scaleX":1.300,"faction":"Ally","posX":F2},"timestamp":1788185042754}
{"sessionId":"6414f3","hypothesisId":"H4","location":"BattleVFXSystem.PlaySlash","message":"slash_facing","data":{"facingDir":-1,"scaleX":-1.000,"faction":"Enemy","posX":F2},"timestamp":1788185042920}
{"sessionId":"6414f3","hypothesisId":"H1","location":"UnitAnimation.SpumDamagedFlash","message":"flash_start","data":{"gen":11,"flashed":29,"shadowSr":1,"unit":"Hero"},"timestamp":1788185042920}
{"sessionId":"6414f3","hypothesisId":"H1","location":"UnitAnimation.SpumDamagedFlash","message":"flash_restore_baseline","data":{"gen":11,"latestGen":11},"timestamp":1788185043086}
{"sessionId":"6414f3","hypothesisId":"H4","location":"BattleVFXSystem.PlaySlash","message":"slash_facing","data":{"facingDir":1,"scaleX":1.300,"faction":"Ally","posX":F2},"timestamp":1788185044120}
{"sessionId":"6414f3","hypothesisId":"H4","location":"BattleVFXSystem.PlaySlash","message":"slash_facing","data":{"facingDir":1,"scaleX":1.300,"faction":"Ally","posX":F2},"timestamp":1788185045419}
{"sessionId":"6414f3","hypothesisId":"H4","location":"BattleVFXSystem.PlaySlash","message":"slash_facing","data":{"facingDir":-1,"scaleX":-1.000,"faction":"Enemy","posX":F2},"timestamp":1788185046421}
{"sessionId":"6414f3","hypothesisId":"H1","location":"UnitAnimation.SpumDamagedFlash","message":"flash_start","data":{"gen":12,"flashed":29,"shadowSr":1,"unit":"Hero"},"timestamp":1788185046422}
{"sessionId":"6414f3","hypothesisId":"H1","location":"UnitAnimation.SpumDamagedFlash","message":"flash_restore_baseline","data":{"gen":12,"latestGen":12},"timestamp":1788185046587}
{"sessionId":"6414f3","hypothesisId":"H4","location":"BattleVFXSystem.PlaySlash","message":"slash_facing","data":{"facingDir":1,"scaleX":1.300,"faction":"Ally","posX":F2},"timestamp":1788185046786}
{"sessionId":"6414f3","hypothesisId":"H4","location":"BattleVFXSystem.PlaySlash","message":"slash_facing","data":{"facingDir":1,"scaleX":1.300,"faction":"Ally","posX":F2},"timestamp":1788185048088}
{"sessionId":"6414f3","hypothesisId":"H4","location":"BattleVFXSystem.PlaySlash","message":"slash_facing","data":{"facingDir":1,"scaleX":1.300,"faction":"Ally","posX":F2},"timestamp":1788185049386}
{"sessionId":"6414f3","hypothesisId":"H12","location":"Monster.InitFromTemplate","message":"hpbar_state","data":{"hasHpBar":true,"name":"Visual","hpBarActive":true},"timestamp":1788185051121}
{"sessionId":"6414f3","hypothesisId":"H12","location":"Monster.InitFromTemplate","message":"hpbar_state","data":{"hasHpBar":true,"name":"Visual","hpBarActive":true},"timestamp":1788185051122}
{"sessionId":"6414f3","hypothesisId":"H12","location":"Monster.InitFromTemplate","message":"hpbar_state","data":{"hasHpBar":true,"name":"Visual","hpBarActive":true},"timestamp":1788185051123}
{"sessionId":"6414f3","hypothesisId":"H12","location":"Monster.InitFromTemplate","message":"hpbar_state","data":{"hasHpBar":true,"name":"Visual","hpBarActive":true},"timestamp":1788185051124}
{"sessionId":"6414f3","hypothesisId":"H12","location":"Monster.InitFromTemplate","message":"hpbar_state","data":{"hasHpBar":true,"name":"Visual","hpBarActive":false},"timestamp":1788185051126}
{"sessionId":"6414f3","hypothesisId":"H12","location":"Monster.InitFromTemplate","message":"hpbar_state","data":{"hasHpBar":true,"name":"Visual","hpBarActive":false},"timestamp":1788185051127}
{"sessionId":"6414f3","hypothesisId":"H4","location":"BattleVFXSystem.PlaySlash","message":"slash_facing","data":{"facingDir":1,"scaleX":1.300,"faction":"Ally","posX":F2},"timestamp":1788185053387}
{"sessionId":"6414f3","hypothesisId":"H4","location":"BattleVFXSystem.PlaySlash","message":"slash_facing","data":{"facingDir":-1,"scaleX":-1.000,"faction":"Enemy","posX":F2},"timestamp":1788185053388}
{"sessionId":"6414f3","hypothesisId":"H1","location":"UnitAnimation.SpumDamagedFlash","message":"flash_start","data":{"gen":13,"flashed":29,"shadowSr":1,"unit":"Hero"},"timestamp":1788185053388}
{"sessionId":"6414f3","hypothesisId":"H1","location":"UnitAnimation.SpumDamagedFlash","message":"flash_start","data":{"gen":14,"flashed":29,"shadowSr":1,"unit":"Hero"},"timestamp":1788185053389}
{"sessionId":"6414f3","hypothesisId":"H1","location":"UnitAnimation.SpumDamagedFlash","message":"flash_restore_baseline","data":{"gen":14,"latestGen":14},"timestamp":1788185053587}
{"sessionId":"6414f3","hypothesisId":"H4","location":"BattleVFXSystem.PlaySlash","message":"slash_facing","data":{"facingDir":1,"scaleX":1.300,"faction":"Ally","posX":F2},"timestamp":1788185054686}
{"sessionId":"6414f3","hypothesisId":"H4","location":"BattleVFXSystem.PlaySlash","message":"slash_facing","data":{"facingDir":1,"scaleX":1.300,"faction":"Ally","posX":F2},"timestamp":1788185055986}
{"sessionId":"6414f3","hypothesisId":"H4","location":"BattleVFXSystem.PlaySlash","message":"slash_facing","data":{"facingDir":-1,"scaleX":-1.000,"faction":"Enemy","posX":F2},"timestamp":1788185056620}
{"sessionId":"6414f3","hypothesisId":"H1","location":"UnitAnimation.SpumDamagedFlash","message":"flash_start","data":{"gen":15,"flashed":29,"shadowSr":1,"unit":"Hero"},"timestamp":1788185056621}
{"sessionId":"6414f3","hypothesisId":"H1","location":"UnitAnimation.SpumDamagedFlash","message":"flash_restore_baseline","data":{"gen":15,"latestGen":15},"timestamp":1788185056786}
{"sessionId":"6414f3","hypothesisId":"H4","location":"BattleVFXSystem.PlaySlash","message":"slash_facing","data":{"facingDir":-1,"scaleX":-1.000,"faction":"Enemy","posX":F2},"timestamp":1788185056953}
{"sessionId":"6414f3","hypothesisId":"H1","location":"UnitAnimation.SpumDamagedFlash","message":"flash_start","data":{"gen":16,"flashed":29,"shadowSr":1,"unit":"Hero"},"timestamp":1788185056954}
{"sessionId":"6414f3","hypothesisId":"H1","location":"UnitAnimation.SpumDamagedFlash","message":"flash_start","data":{"gen":17,"flashed":29,"shadowSr":1,"unit":"Hero"},"timestamp":1788185057054}
{"sessionId":"6414f3","hypothesisId":"H1","location":"UnitAnimation.SpumDamagedFlash","message":"flash_restore_baseline","data":{"gen":17,"latestGen":17},"timestamp":1788185057220}
{"sessionId":"6414f3","hypothesisId":"H4","location":"BattleVFXSystem.PlaySlash","message":"slash_facing","data":{"facingDir":1,"scaleX":1.300,"faction":"Ally","posX":F2},"timestamp":1788185057487}
{"sessionId":"6414f3","hypothesisId":"H4","location":"BattleVFXSystem.PlaySlash","message":"slash_facing","data":{"facingDir":1,"scaleX":1.300,"faction":"Ally","posX":F2},"timestamp":1788185058786}
{"sessionId":"6414f3","hypothesisId":"H4","location":"BattleVFXSystem.PlaySlash","message":"slash_facing","data":{"facingDir":-1,"scaleX":-1.000,"faction":"Enemy","posX":F2},"timestamp":1788185060052}
{"sessionId":"6414f3","hypothesisId":"H1","location":"UnitAnimation.SpumDamagedFlash","message":"flash_start","data":{"gen":18,"flashed":29,"shadowSr":1,"unit":"Hero"},"timestamp":1788185060053}
{"sessionId":"6414f3","hypothesisId":"H4","location":"BattleVFXSystem.PlaySlash","message":"slash_facing","data":{"facingDir":1,"scaleX":1.300,"faction":"Ally","posX":F2},"timestamp":1788185060153}
{"sessionId":"6414f3","hypothesisId":"H1","location":"UnitAnimation.SpumDamagedFlash","message":"flash_start","data":{"gen":19,"flashed":29,"shadowSr":1,"unit":"Hero"},"timestamp":1788185060160}
{"sessionId":"6414f3","hypothesisId":"H1","location":"UnitAnimation.SpumDamagedFlash","message":"flash_restore_baseline","data":{"gen":19,"latestGen":19},"timestamp":1788185060320}
{"sessionId":"6414f3","hypothesisId":"H4","location":"BattleVFXSystem.PlaySlash","message":"slash_facing","data":{"facingDir":-1,"scaleX":-1.000,"faction":"Enemy","posX":F2},"timestamp":1788185060385}
{"sessionId":"6414f3","hypothesisId":"H1","location":"UnitAnimation.SpumDamagedFlash","message":"flash_start","data":{"gen":20,"flashed":29,"shadowSr":1,"unit":"Hero"},"timestamp":1788185060386}
{"sessionId":"6414f3","hypothesisId":"H1","location":"UnitAnimation.SpumDamagedFlash","message":"flash_restore_baseline","data":{"gen":20,"latestGen":20},"timestamp":1788185060553}
{"sessionId":"6414f3","hypothesisId":"H4","location":"BattleVFXSystem.PlaySlash","message":"slash_facing","data":{"facingDir":-1,"scaleX":-1.000,"faction":"Enemy","posX":F2},"timestamp":1788185060754}
{"sessionId":"6414f3","hypothesisId":"H1","location":"UnitAnimation.SpumDamagedFlash","message":"flash_start","data":{"gen":21,"flashed":29,"shadowSr":1,"unit":"Hero"},"timestamp":1788185060754}
{"sessionId":"6414f3","hypothesisId":"H1","location":"UnitAnimation.SpumDamagedFlash","message":"flash_restore_baseline","data":{"gen":21,"latestGen":21},"timestamp":1788185060954}
{"sessionId":"6414f3","hypothesisId":"H4","location":"BattleVFXSystem.PlaySlash","message":"slash_facing","data":{"facingDir":1,"scaleX":1.300,"faction":"Ally","posX":F2},"timestamp":1788185061587}
{"sessionId":"6414f3","hypothesisId":"H4","location":"BattleVFXSystem.PlaySlash","message":"slash_facing","data":{"facingDir":1,"scaleX":1.300,"faction":"Ally","posX":F2},"timestamp":1788185062887}
{"sessionId":"6414f3","hypothesisId":"H4","location":"BattleVFXSystem.PlaySlash","message":"slash_facing","data":{"facingDir":-1,"scaleX":-1.000,"faction":"Enemy","posX":F2},"timestamp":1788185063753}
{"sessionId":"6414f3","hypothesisId":"H1","location":"UnitAnimation.SpumDamagedFlash","message":"flash_start","data":{"gen":22,"flashed":29,"shadowSr":1,"unit":"Hero"},"timestamp":1788185063754}
{"sessionId":"6414f3","hypothesisId":"H1","location":"UnitAnimation.SpumDamagedFlash","message":"flash_start","data":{"gen":23,"flashed":29,"shadowSr":1,"unit":"Hero"},"timestamp":1788185063854}
{"sessionId":"6414f3","hypothesisId":"H1","location":"UnitAnimation.SpumDamagedFlash","message":"flash_restore_baseline","data":{"gen":23,"latestGen":23},"timestamp":1788185064019}
{"sessionId":"6414f3","hypothesisId":"H4","location":"BattleVFXSystem.PlaySlash","message":"slash_facing","data":{"facingDir":-1,"scaleX":-1.000,"faction":"Enemy","posX":F2},"timestamp":1788185064085}
{"sessionId":"6414f3","hypothesisId":"H1","location":"UnitAnimation.SpumDamagedFlash","message":"flash_start","data":{"gen":24,"flashed":29,"shadowSr":1,"unit":"Hero"},"timestamp":1788185064087}
{"sessionId":"6414f3","hypothesisId":"H1","location":"UnitAnimation.SpumDamagedFlash","message":"flash_restore_baseline","data":{"gen":24,"latestGen":24},"timestamp":1788185064253}
{"sessionId":"6414f3","hypothesisId":"H4","location":"BattleVFXSystem.PlaySlash","message":"slash_facing","data":{"facingDir":1,"scaleX":1.300,"faction":"Ally","posX":F2},"timestamp":1788185064386}
{"sessionId":"6414f3","hypothesisId":"H4","location":"BattleVFXSystem.PlaySlash","message":"slash_facing","data":{"facingDir":-1,"scaleX":-1.000,"faction":"Enemy","posX":F2},"timestamp":1788185064519}
{"sessionId":"6414f3","hypothesisId":"H1","location":"UnitAnimation.SpumDamagedFlash","message":"flash_start","data":{"gen":25,"flashed":29,"shadowSr":1,"unit":"Hero"},"timestamp":1788185064520}
{"sessionId":"6414f3","hypothesisId":"H1","location":"UnitAnimation.SpumDamagedFlash","message":"flash_restore_baseline","data":{"gen":25,"latestGen":25},"timestamp":1788185064685}
{"sessionId":"6414f3","hypothesisId":"H4","location":"BattleVFXSystem.PlaySlash","message":"slash_facing","data":{"facingDir":1,"scaleX":1.300,"faction":"Ally","posX":F2},"timestamp":1788185065753}
{"sessionId":"6414f3","hypothesisId":"H4","location":"BattleVFXSystem.PlaySlash","message":"slash_facing","data":{"facingDir":1,"scaleX":1.300,"faction":"Ally","posX":F2},"timestamp":1788185067052}
{"sessionId":"6414f3","hypothesisId":"H4","location":"BattleVFXSystem.PlaySlash","message":"slash_facing","data":{"facingDir":-1,"scaleX":-1.000,"faction":"Enemy","posX":F2},"timestamp":1788185067552}
{"sessionId":"6414f3","hypothesisId":"H1","location":"UnitAnimation.SpumDamagedFlash","message":"flash_start","data":{"gen":26,"flashed":29,"shadowSr":1,"unit":"Hero"},"timestamp":1788185067554}
{"sessionId":"6414f3","hypothesisId":"H1","location":"UnitAnimation.SpumDamagedFlash","message":"flash_restore_baseline","data":{"gen":26,"latestGen":26},"timestamp":1788185067719}
{"sessionId":"6414f3","hypothesisId":"H4","location":"BattleVFXSystem.PlaySlash","message":"slash_facing","data":{"facingDir":-1,"scaleX":-1.000,"faction":"Enemy","posX":F2},"timestamp":1788185067787}
{"sessionId":"6414f3","hypothesisId":"H1","location":"UnitAnimation.SpumDamagedFlash","message":"flash_start","data":{"gen":27,"flashed":29,"shadowSr":1,"unit":"Hero"},"timestamp":1788185067788}
{"sessionId":"6414f3","hypothesisId":"H1","location":"UnitAnimation.SpumDamagedFlash","message":"flash_restore_baseline","data":{"gen":27,"latestGen":27},"timestamp":1788185067985}
{"sessionId":"6414f3","hypothesisId":"H4","location":"BattleVFXSystem.PlaySlash","message":"slash_facing","data":{"facingDir":1,"scaleX":1.300,"faction":"Ally","posX":F2},"timestamp":1788185068486}
{"sessionId":"6414f3","hypothesisId":"H4","location":"BattleVFXSystem.PlaySlash","message":"slash_facing","data":{"facingDir":1,"scaleX":1.300,"faction":"Ally","posX":F2},"timestamp":1788185069787}
{"sessionId":"6414f3","hypothesisId":"H4","location":"BattleVFXSystem.PlaySlash","message":"slash_facing","data":{"facingDir":1,"scaleX":1.300,"faction":"Ally","posX":F2},"timestamp":1788185071087}
{"sessionId":"6414f3","hypothesisId":"H4","location":"BattleVFXSystem.PlaySlash","message":"slash_facing","data":{"facingDir":-1,"scaleX":-1.000,"faction":"Enemy","posX":F2},"timestamp":1788185071185}
{"sessionId":"6414f3","hypothesisId":"H1","location":"UnitAnimation.SpumDamagedFlash","message":"flash_start","data":{"gen":28,"flashed":29,"shadowSr":1,"unit":"Hero"},"timestamp":1788185071186}
{"sessionId":"6414f3","hypothesisId":"H1","location":"UnitAnimation.SpumDamagedFlash","message":"flash_restore_baseline","data":{"gen":28,"latestGen":28},"timestamp":1788185071352}
{"sessionId":"6414f3","hypothesisId":"H4","location":"BattleVFXSystem.PlaySlash","message":"slash_facing","data":{"facingDir":1,"scaleX":1.300,"faction":"Ally","posX":F2},"timestamp":1788185072452}
{"sessionId":"6414f3","hypothesisId":"H4","location":"BattleVFXSystem.PlaySlash","message":"slash_facing","data":{"facingDir":1,"scaleX":1.300,"faction":"Ally","posX":F2},"timestamp":1788185073753}
{"sessionId":"6414f3","hypothesisId":"H4","location":"BattleVFXSystem.PlaySlash","message":"slash_facing","data":{"facingDir":-1,"scaleX":-1.000,"faction":"Enemy","posX":F2},"timestamp":1788185074685}
{"sessionId":"6414f3","hypothesisId":"H1","location":"UnitAnimation.SpumDamagedFlash","message":"flash_start","data":{"gen":29,"flashed":29,"shadowSr":1,"unit":"Hero"},"timestamp":1788185074686}
{"sessionId":"6414f3","hypothesisId":"H1","location":"UnitAnimation.SpumDamagedFlash","message":"flash_restore_baseline","data":{"gen":29,"latestGen":29},"timestamp":1788185074852}
{"sessionId":"6414f3","hypothesisId":"H4","location":"BattleVFXSystem.PlaySlash","message":"slash_facing","data":{"facingDir":1,"scaleX":1.300,"faction":"Ally","posX":F2},"timestamp":1788185075119}
{"sessionId":"6414f3","hypothesisId":"H6","location":"StageClearRewardDirector.SnapBoxRootToGround","message":"box_snap","data":{"useOpen":false,"beforeY":0.000,"afterY":0.030,"groundY":0.630,"boundsMinY":F3},"timestamp":1788185075181}
{"sessionId":"6414f3","hypothesisId":"H12","location":"Monster.InitFromTemplate","message":"hpbar_state","data":{"hasHpBar":true,"name":"Visual","hpBarActive":false},"timestamp":1788185081463}
{"sessionId":"6414f3","hypothesisId":"H12","location":"Monster.InitFromTemplate","message":"hpbar_state","data":{"hasHpBar":true,"name":"Visual","hpBarActive":false},"timestamp":1788185081464}
{"sessionId":"6414f3","hypothesisId":"H12","location":"Monster.InitFromTemplate","message":"hpbar_state","data":{"hasHpBar":true,"name":"Visual","hpBarActive":false},"timestamp":1788185081465}
{"sessionId":"6414f3","hypothesisId":"H12","location":"Monster.InitFromTemplate","message":"hpbar_state","data":{"hasHpBar":true,"name":"Visual","hpBarActive":false},"timestamp":1788185081466}
{"sessionId":"6414f3","hypothesisId":"H12","location":"Monster.InitFromTemplate","message":"hpbar_state","data":{"hasHpBar":true,"name":"Visual","hpBarActive":false},"timestamp":1788185081467}
{"sessionId":"6414f3","hypothesisId":"H12","location":"Monster.InitFromTemplate","message":"hpbar_state","data":{"hasHpBar":true,"name":"Visual","hpBarActive":false},"timestamp":1788185081467}
{"sessionId":"6414f3","hypothesisId":"H4","location":"BattleVFXSystem.PlaySlash","message":"slash_facing","data":{"facingDir":-1,"scaleX":-1.300,"faction":"Ally","posX":F2},"timestamp":1788185083261}
{"sessionId":"6414f3","hypothesisId":"H4","location":"BattleVFXSystem.PlaySlash","message":"slash_facing","data":{"facingDir":1,"scaleX":1.000,"faction":"Enemy","posX":F2},"timestamp":1788185083262}
{"sessionId":"6414f3","hypothesisId":"H1","location":"UnitAnimation.SpumDamagedFlash","message":"flash_start","data":{"gen":30,"flashed":29,"shadowSr":1,"unit":"Hero"},"timestamp":1788185083262}
{"sessionId":"6414f3","hypothesisId":"H1","location":"UnitAnimation.SpumDamagedFlash","message":"flash_restore_baseline","data":{"gen":30,"latestGen":30},"timestamp":1788185083427}
{"sessionId":"6414f3","hypothesisId":"H4","location":"BattleVFXSystem.PlaySlash","message":"slash_facing","data":{"facingDir":-1,"scaleX":-1.300,"faction":"Ally","posX":F2},"timestamp":1788185084527}
{"sessionId":"6414f3","hypothesisId":"H4","location":"BattleVFXSystem.PlaySlash","message":"slash_facing","data":{"facingDir":1,"scaleX":1.000,"faction":"Enemy","posX":F2},"timestamp":1788185085695}
{"sessionId":"6414f3","hypothesisId":"H1","location":"UnitAnimation.SpumDamagedFlash","message":"flash_start","data":{"gen":31,"flashed":29,"shadowSr":1,"unit":"Hero"},"timestamp":1788185085696}
{"sessionId":"6414f3","hypothesisId":"H4","location":"BattleVFXSystem.PlaySlash","message":"slash_facing","data":{"facingDir":-1,"scaleX":-1.300,"faction":"Ally","posX":F2},"timestamp":1788185085895}
{"sessionId":"6414f3","hypothesisId":"H1","location":"UnitAnimation.SpumDamagedFlash","message":"flash_restore_baseline","data":{"gen":31,"latestGen":31},"timestamp":1788185085902}
{"sessionId":"6414f3","hypothesisId":"H4","location":"BattleVFXSystem.PlaySlash","message":"slash_facing","data":{"facingDir":-1,"scaleX":-1.300,"faction":"Ally","posX":F2},"timestamp":1788185087195}
{"sessionId":"6414f3","hypothesisId":"H4","location":"BattleVFXSystem.PlaySlash","message":"slash_facing","data":{"facingDir":-1,"scaleX":-1.300,"faction":"Ally","posX":F2},"timestamp":1788185088494}
{"sessionId":"6414f3","hypothesisId":"H4","location":"BattleVFXSystem.PlaySlash","message":"slash_facing","data":{"facingDir":1,"scaleX":1.000,"faction":"Enemy","posX":F2},"timestamp":1788185088895}
{"sessionId":"6414f3","hypothesisId":"H1","location":"UnitAnimation.SpumDamagedFlash","message":"flash_start","data":{"gen":32,"flashed":29,"shadowSr":1,"unit":"Hero"},"timestamp":1788185088896}
{"sessionId":"6414f3","hypothesisId":"H1","location":"UnitAnimation.SpumDamagedFlash","message":"flash_restore_baseline","data":{"gen":32,"latestGen":32},"timestamp":1788185089060}
{"sessionId":"6414f3","hypothesisId":"H4","location":"BattleVFXSystem.PlaySlash","message":"slash_facing","data":{"facingDir":-1,"scaleX":-1.300,"faction":"Ally","posX":F2},"timestamp":1788185089861}
{"sessionId":"6414f3","hypothesisId":"H4","location":"BattleVFXSystem.PlaySlash","message":"slash_facing","data":{"facingDir":-1,"scaleX":-1.300,"faction":"Ally","posX":F2},"timestamp":1788185091161}
{"sessionId":"6414f3","hypothesisId":"H4","location":"BattleVFXSystem.PlaySlash","message":"slash_facing","data":{"facingDir":1,"scaleX":1.000,"faction":"Enemy","posX":F2},"timestamp":1788185092393}
{"sessionId":"6414f3","hypothesisId":"H1","location":"UnitAnimation.SpumDamagedFlash","message":"flash_start","data":{"gen":33,"flashed":29,"shadowSr":1,"unit":"Hero"},"timestamp":1788185092395}
{"sessionId":"6414f3","hypothesisId":"H4","location":"BattleVFXSystem.PlaySlash","message":"slash_facing","data":{"facingDir":-1,"scaleX":-1.300,"faction":"Ally","posX":F2},"timestamp":1788185092528}
{"sessionId":"6414f3","hypothesisId":"H1","location":"UnitAnimation.SpumDamagedFlash","message":"flash_restore_baseline","data":{"gen":33,"latestGen":33},"timestamp":1788185092627}
{"sessionId":"6414f3","hypothesisId":"H4","location":"BattleVFXSystem.PlaySlash","message":"slash_facing","data":{"facingDir":1,"scaleX":1.300,"faction":"Ally","posX":F2},"timestamp":1788185095150}
{"sessionId":"6414f3","hypothesisId":"H4","location":"BattleVFXSystem.PlaySlash","message":"slash_facing","data":{"facingDir":-1,"scaleX":-1.000,"faction":"Enemy","posX":F2},"timestamp":1788185095151}
{"sessionId":"6414f3","hypothesisId":"H1","location":"UnitAnimation.SpumDamagedFlash","message":"flash_start","data":{"gen":34,"flashed":29,"shadowSr":1,"unit":"Hero"},"timestamp":1788185095151}
{"sessionId":"6414f3","hypothesisId":"H1","location":"UnitAnimation.SpumDamagedFlash","message":"flash_restore_baseline","data":{"gen":34,"latestGen":34},"timestamp":1788185095316}
{"sessionId":"6414f3","hypothesisId":"H4","location":"BattleVFXSystem.PlaySlash","message":"slash_facing","data":{"facingDir":1,"scaleX":1.300,"faction":"Ally","posX":F2},"timestamp":1788185096450}
{"sessionId":"6414f3","hypothesisId":"H4","location":"BattleVFXSystem.PlaySlash","message":"slash_facing","data":{"facingDir":-1,"scaleX":-1.000,"faction":"Enemy","posX":F2},"timestamp":1788185097583}
{"sessionId":"6414f3","hypothesisId":"H1","location":"UnitAnimation.SpumDamagedFlash","message":"flash_start","data":{"gen":35,"flashed":29,"shadowSr":1,"unit":"Hero"},"timestamp":1788185097585}
{"sessionId":"6414f3","hypothesisId":"H1","location":"UnitAnimation.SpumDamagedFlash","message":"flash_restore_baseline","data":{"gen":35,"latestGen":35},"timestamp":1788185097783}
{"sessionId":"6414f3","hypothesisId":"H4","location":"BattleVFXSystem.PlaySlash","message":"slash_facing","data":{"facingDir":1,"scaleX":1.300,"faction":"Ally","posX":F2},"timestamp":1788185097818}
{"sessionId":"6414f3","hypothesisId":"H4","location":"BattleVFXSystem.PlaySlash","message":"slash_facing","data":{"facingDir":-1,"scaleX":-1.000,"faction":"Enemy","posX":F2},"timestamp":1788185098716}
{"sessionId":"6414f3","hypothesisId":"H1","location":"UnitAnimation.SpumDamagedFlash","message":"flash_start","data":{"gen":36,"flashed":29,"shadowSr":1,"unit":"Hero"},"timestamp":1788185098718}
{"sessionId":"6414f3","hypothesisId":"H1","location":"UnitAnimation.SpumDamagedFlash","message":"flash_restore_baseline","data":{"gen":36,"latestGen":36},"timestamp":1788185098916}
{"sessionId":"6414f3","hypothesisId":"H4","location":"BattleVFXSystem.PlaySlash","message":"slash_facing","data":{"facingDir":1,"scaleX":1.300,"faction":"Ally","posX":F2},"timestamp":1788185099184}
{"sessionId":"6414f3","hypothesisId":"H4","location":"BattleVFXSystem.PlaySlash","message":"slash_facing","data":{"facingDir":1,"scaleX":1.300,"faction":"Ally","posX":F2},"timestamp":1788185100483}
{"sessionId":"6414f3","hypothesisId":"H4","location":"BattleVFXSystem.PlaySlash","message":"slash_facing","data":{"facingDir":-1,"scaleX":-1.000,"faction":"Enemy","posX":F2},"timestamp":1788185101216}
{"sessionId":"6414f3","hypothesisId":"H1","location":"UnitAnimation.SpumDamagedFlash","message":"flash_start","data":{"gen":37,"flashed":29,"shadowSr":1,"unit":"Hero"},"timestamp":1788185101217}
{"sessionId":"6414f3","hypothesisId":"H1","location":"UnitAnimation.SpumDamagedFlash","message":"flash_restore_baseline","data":{"gen":37,"latestGen":37},"timestamp":1788185101382}
{"sessionId":"6414f3","hypothesisId":"H4","location":"BattleVFXSystem.PlaySlash","message":"slash_facing","data":{"facingDir":-1,"scaleX":-1.000,"faction":"Enemy","posX":F2},"timestamp":1788185101517}
{"sessionId":"6414f3","hypothesisId":"H1","location":"UnitAnimation.SpumDamagedFlash","message":"flash_start","data":{"gen":38,"flashed":29,"shadowSr":1,"unit":"Hero"},"timestamp":1788185101517}
{"sessionId":"6414f3","hypothesisId":"H1","location":"UnitAnimation.SpumDamagedFlash","message":"flash_restore_baseline","data":{"gen":38,"latestGen":38},"timestamp":1788185101683}
{"sessionId":"6414f3","hypothesisId":"H4","location":"BattleVFXSystem.PlaySlash","message":"slash_facing","data":{"facingDir":1,"scaleX":1.300,"faction":"Ally","posX":F2},"timestamp":1788185101916}
{"sessionId":"6414f3","hypothesisId":"H4","location":"BattleVFXSystem.PlaySlash","message":"slash_facing","data":{"facingDir":1,"scaleX":1.300,"faction":"Ally","posX":F2},"timestamp":1788185103217}
{"sessionId":"6414f3","hypothesisId":"H4","location":"BattleVFXSystem.PlaySlash","message":"slash_facing","data":{"facingDir":1,"scaleX":1.300,"faction":"Ally","posX":F2},"timestamp":1788185104517}
{"sessionId":"6414f3","hypothesisId":"H4","location":"BattleVFXSystem.PlaySlash","message":"slash_facing","data":{"facingDir":-1,"scaleX":-1.000,"faction":"Enemy","posX":F2},"timestamp":1788185105084}
{"sessionId":"6414f3","hypothesisId":"H1","location":"UnitAnimation.SpumDamagedFlash","message":"flash_start","data":{"gen":39,"flashed":29,"shadowSr":1,"unit":"Hero"},"timestamp":1788185105085}
{"sessionId":"6414f3","hypothesisId":"H1","location":"UnitAnimation.SpumDamagedFlash","message":"flash_restore_baseline","data":{"gen":39,"latestGen":39},"timestamp":1788185105249}
{"sessionId":"6414f3","hypothesisId":"H4","location":"BattleVFXSystem.PlaySlash","message":"slash_facing","data":{"facingDir":1,"scaleX":1.300,"faction":"Ally","posX":F2},"timestamp":1788185105883}
{"sessionId":"6414f3","hypothesisId":"H4","location":"BattleVFXSystem.PlaySlash","message":"slash_facing","data":{"facingDir":1,"scaleX":1.300,"faction":"Ally","posX":F2},"timestamp":1788185107184}
{"sessionId":"6414f3","hypothesisId":"H12","location":"Monster.InitFromTemplate","message":"hpbar_state","data":{"hasHpBar":true,"name":"Visual","hpBarActive":false},"timestamp":1788185117113}
{"sessionId":"6414f3","hypothesisId":"H12","location":"Monster.InitFromTemplate","message":"hpbar_state","data":{"hasHpBar":true,"name":"Visual","hpBarActive":false},"timestamp":1788185117114}
{"sessionId":"6414f3","hypothesisId":"H12","location":"Monster.InitFromTemplate","message":"hpbar_state","data":{"hasHpBar":true,"name":"Visual","hpBarActive":false},"timestamp":1788185117115}
{"sessionId":"6414f3","hypothesisId":"H1","location":"UnitAnimation.SpumDamagedFlash","message":"flash_start","data":{"gen":1,"flashed":29,"shadowSr":1,"unit":"Merc_dunbing101"},"timestamp":1788185117126}
{"sessionId":"6414f3","hypothesisId":"H1","location":"UnitAnimation.SpumDamagedFlash","message":"flash_restore_baseline","data":{"gen":1,"latestGen":1},"timestamp":1788185117256}
{"sessionId":"6414f3","hypothesisId":"H4","location":"BattleVFXSystem.PlaySlash","message":"slash_facing","data":{"facingDir":1,"scaleX":1.300,"faction":"Ally","posX":F2},"timestamp":1788185118591}
{"sessionId":"6414f3","hypothesisId":"H4","location":"BattleVFXSystem.PlaySlash","message":"slash_facing","data":{"facingDir":-1,"scaleX":-1.000,"faction":"Enemy","posX":F2},"timestamp":1788185118592}
{"sessionId":"6414f3","hypothesisId":"H1","location":"UnitAnimation.SpumDamagedFlash","message":"flash_start","data":{"gen":40,"flashed":29,"shadowSr":1,"unit":"Hero"},"timestamp":1788185118592}
{"sessionId":"6414f3","hypothesisId":"H1","location":"UnitAnimation.SpumDamagedFlash","message":"flash_restore_baseline","data":{"gen":40,"latestGen":40},"timestamp":1788185118791}
{"sessionId":"6414f3","hypothesisId":"H4","location":"BattleVFXSystem.PlaySlash","message":"slash_facing","data":{"facingDir":1,"scaleX":1.300,"faction":"Ally","posX":F2},"timestamp":1788185119890}
{"sessionId":"6414f3","hypothesisId":"H4","location":"BattleVFXSystem.PlaySlash","message":"slash_facing","data":{"facingDir":-1,"scaleX":-1.000,"faction":"Enemy","posX":F2},"timestamp":1788185120623}
{"sessionId":"6414f3","hypothesisId":"H1","location":"UnitAnimation.SpumDamagedFlash","message":"flash_start","data":{"gen":41,"flashed":29,"shadowSr":1,"unit":"Hero"},"timestamp":1788185120624}
{"sessionId":"6414f3","hypothesisId":"H1","location":"UnitAnimation.SpumDamagedFlash","message":"flash_restore_baseline","data":{"gen":41,"latestGen":41},"timestamp":1788185120789}
{"sessionId":"6414f3","hypothesisId":"H4","location":"BattleVFXSystem.PlaySlash","message":"slash_facing","data":{"facingDir":1,"scaleX":1.300,"faction":"Ally","posX":F2},"timestamp":1788185121256}
{"sessionId":"6414f3","hypothesisId":"H4","location":"BattleVFXSystem.PlaySlash","message":"slash_facing","data":{"facingDir":1,"scaleX":1.300,"faction":"Ally","posX":F2},"timestamp":1788185122557}
{"sessionId":"6414f3","hypothesisId":"H4","location":"BattleVFXSystem.PlaySlash","message":"slash_facing","data":{"facingDir":1,"scaleX":1.300,"faction":"Ally","posX":F2},"timestamp":1788185123857}
{"sessionId":"6414f3","hypothesisId":"H4","location":"BattleVFXSystem.PlaySlash","message":"slash_facing","data":{"facingDir":1,"scaleX":1.300,"faction":"Ally","posX":F2},"timestamp":1788185125290}
{"sessionId":"6414f3","hypothesisId":"H4","location":"BattleVFXSystem.PlaySlash","message":"slash_facing","data":{"facingDir":-1,"scaleX":-1.000,"faction":"Enemy","posX":F2},"timestamp":1788185125290}
{"sessionId":"6414f3","hypothesisId":"H1","location":"UnitAnimation.SpumDamagedFlash","message":"flash_start","data":{"gen":42,"flashed":29,"shadowSr":1,"unit":"Hero"},"timestamp":1788185125291}
{"sessionId":"6414f3","hypothesisId":"H1","location":"UnitAnimation.SpumDamagedFlash","message":"flash_restore_baseline","data":{"gen":42,"latestGen":42},"timestamp":1788185125491}
{"sessionId":"6414f3","hypothesisId":"H4","location":"BattleVFXSystem.PlaySlash","message":"slash_facing","data":{"facingDir":1,"scaleX":1.300,"faction":"Ally","posX":F2},"timestamp":1788185126590}
{"sessionId":"6414f3","hypothesisId":"H4","location":"BattleVFXSystem.PlaySlash","message":"slash_facing","data":{"facingDir":1,"scaleX":1.300,"faction":"Ally","posX":F2},"timestamp":1788185127889}
{"sessionId":"6414f3","hypothesisId":"H5","location":"BattleManager.TryUsePlayerSkill","message":"skill_vfx_facing","data":{"facingDir":1,"vfxDir":1,"scaleX":-1.000,"skill":"ally_heal"},"timestamp":1788185136149}
{"sessionId":"6414f3","hypothesisId":"H12","location":"Monster.InitFromTemplate","message":"hpbar_state","data":{"hasHpBar":true,"name":"Visual","hpBarActive":false},"timestamp":1788185137259}
{"sessionId":"6414f3","hypothesisId":"H12","location":"Monster.InitFromTemplate","message":"hpbar_state","data":{"hasHpBar":true,"name":"Visual","hpBarActive":false},"timestamp":1788185137261}
{"sessionId":"6414f3","hypothesisId":"H12","location":"Monster.InitFromTemplate","message":"hpbar_state","data":{"hasHpBar":true,"name":"Visual","hpBarActive":false},"timestamp":1788185137262}
{"sessionId":"6414f3","hypothesisId":"H12","location":"Monster.InitFromTemplate","message":"hpbar_state","data":{"hasHpBar":true,"name":"Visual","hpBarActive":false},"timestamp":1788185137263}
{"sessionId":"6414f3","hypothesisId":"H12","location":"Monster.InitFromTemplate","message":"hpbar_state","data":{"hasHpBar":true,"name":"Visual","hpBarActive":false},"timestamp":1788185137264}
{"sessionId":"6414f3","hypothesisId":"H12","location":"Monster.InitFromTemplate","message":"hpbar_state","data":{"hasHpBar":true,"name":"Visual","hpBarActive":false},"timestamp":1788185137265}
{"sessionId":"6414f3","hypothesisId":"H12","location":"Monster.InitFromTemplate","message":"hpbar_state","data":{"hasHpBar":true,"name":"Visual","hpBarActive":false},"timestamp":1788185137267}
{"sessionId":"6414f3","hypothesisId":"H12","location":"Monster.InitFromTemplate","message":"hpbar_state","data":{"hasHpBar":true,"name":"Visual","hpBarActive":false},"timestamp":1788185137268}
{"sessionId":"6414f3","hypothesisId":"H12","location":"Monster.InitFromTemplate","message":"hpbar_state","data":{"hasHpBar":true,"name":"Visual","hpBarActive":true},"timestamp":1788185137269}
{"sessionId":"6414f3","hypothesisId":"H12","location":"Monster.InitFromTemplate","message":"hpbar_state","data":{"hasHpBar":true,"name":"Visual","hpBarActive":true},"timestamp":1788185137271}
{"sessionId":"6414f3","hypothesisId":"H4","location":"BattleVFXSystem.PlaySlash","message":"slash_facing","data":{"facingDir":-1,"scaleX":-1.000,"faction":"Enemy","posX":F2},"timestamp":1788185138756}
{"sessionId":"6414f3","hypothesisId":"H1","location":"UnitAnimation.SpumDamagedFlash","message":"flash_start","data":{"gen":2,"flashed":29,"shadowSr":1,"unit":"Merc_dunbing101"},"timestamp":1788185138757}
{"sessionId":"6414f3","hypothesisId":"H4","location":"BattleVFXSystem.PlaySlash","message":"slash_facing","data":{"facingDir":-1,"scaleX":-1.000,"faction":"Enemy","posX":F2},"timestamp":1788185138923}
{"sessionId":"6414f3","hypothesisId":"H1","location":"UnitAnimation.SpumDamagedFlash","message":"flash_start","data":{"gen":3,"flashed":29,"shadowSr":1,"unit":"Merc_dunbing101"},"timestamp":1788185138924}
{"sessionId":"6414f3","hypothesisId":"H4","location":"BattleVFXSystem.PlaySlash","message":"slash_facing","data":{"facingDir":1,"scaleX":1.300,"faction":"Ally","posX":F2},"timestamp":1788185139091}
{"sessionId":"6414f3","hypothesisId":"H1","location":"UnitAnimation.SpumDamagedFlash","message":"flash_restore_baseline","data":{"gen":3,"latestGen":3},"timestamp":1788185139092}
{"sessionId":"6414f3","hypothesisId":"H4","location":"BattleVFXSystem.PlaySlash","message":"slash_facing","data":{"facingDir":1,"scaleX":1.300,"faction":"Ally","posX":F2},"timestamp":1788185139957}
{"sessionId":"6414f3","hypothesisId":"H4","location":"BattleVFXSystem.PlaySlash","message":"slash_facing","data":{"facingDir":1,"scaleX":1.300,"faction":"Ally","posX":F2},"timestamp":1788185141256}
{"sessionId":"6414f3","hypothesisId":"H4","location":"BattleVFXSystem.PlaySlash","message":"slash_facing","data":{"facingDir":-1,"scaleX":-1.000,"faction":"Enemy","posX":F2},"timestamp":1788185141268}
{"sessionId":"6414f3","hypothesisId":"H1","location":"UnitAnimation.SpumDamagedFlash","message":"flash_start","data":{"gen":4,"flashed":29,"shadowSr":1,"unit":"Merc_dunbing101"},"timestamp":1788185141268}
{"sessionId":"6414f3","hypothesisId":"H1","location":"UnitAnimation.SpumDamagedFlash","message":"flash_restore_baseline","data":{"gen":4,"latestGen":4},"timestamp":1788185141424}
{"sessionId":"6414f3","hypothesisId":"H4","location":"BattleVFXSystem.PlaySlash","message":"slash_facing","data":{"facingDir":-1,"scaleX":-1.000,"faction":"Enemy","posX":F2},"timestamp":1788185141724}
{"sessionId":"6414f3","hypothesisId":"H1","location":"UnitAnimation.SpumDamagedFlash","message":"flash_start","data":{"gen":5,"flashed":29,"shadowSr":1,"unit":"Merc_dunbing101"},"timestamp":1788185141725}
{"sessionId":"6414f3","hypothesisId":"H1","location":"UnitAnimation.SpumDamagedFlash","message":"flash_restore_baseline","data":{"gen":5,"latestGen":5},"timestamp":1788185141890}
{"sessionId":"6414f3","hypothesisId":"H4","location":"BattleVFXSystem.PlaySlash","message":"slash_facing","data":{"facingDir":-1,"scaleX":-1.000,"faction":"Enemy","posX":F2},"timestamp":1788185142558}
{"sessionId":"6414f3","hypothesisId":"H1","location":"UnitAnimation.SpumDamagedFlash","message":"flash_start","data":{"gen":6,"flashed":29,"shadowSr":1,"unit":"Merc_dunbing101"},"timestamp":1788185142558}
{"sessionId":"6414f3","hypothesisId":"H4","location":"BattleVFXSystem.PlaySlash","message":"slash_facing","data":{"facingDir":1,"scaleX":1.300,"faction":"Ally","posX":F2},"timestamp":1788185142690}
{"sessionId":"6414f3","hypothesisId":"H1","location":"UnitAnimation.SpumDamagedFlash","message":"flash_restore_baseline","data":{"gen":6,"latestGen":6},"timestamp":1788185142790}
{"sessionId":"6414f3","hypothesisId":"H4","location":"BattleVFXSystem.PlaySlash","message":"slash_facing","data":{"facingDir":1,"scaleX":1.300,"faction":"Ally","posX":F2},"timestamp":1788185143558}
{"sessionId":"6414f3","hypothesisId":"H4","location":"BattleVFXSystem.PlaySlash","message":"slash_facing","data":{"facingDir":1,"scaleX":1.300,"faction":"Ally","posX":F2},"timestamp":1788185144057}
{"sessionId":"6414f3","hypothesisId":"H4","location":"BattleVFXSystem.PlaySlash","message":"slash_facing","data":{"facingDir":-1,"scaleX":-1.000,"faction":"Enemy","posX":F2},"timestamp":1788185144291}
{"sessionId":"6414f3","hypothesisId":"H1","location":"UnitAnimation.SpumDamagedFlash","message":"flash_start","data":{"gen":7,"flashed":29,"shadowSr":1,"unit":"Merc_dunbing101"},"timestamp":1788185144291}
{"sessionId":"6414f3","hypothesisId":"H1","location":"UnitAnimation.SpumDamagedFlash","message":"flash_restore_baseline","data":{"gen":7,"latestGen":7},"timestamp":1788185144489}
{"sessionId":"6414f3","hypothesisId":"H4","location":"BattleVFXSystem.PlaySlash","message":"slash_facing","data":{"facingDir":-1,"scaleX":-1.000,"faction":"Enemy","posX":F2},"timestamp":1788185144590}
{"sessionId":"6414f3","hypothesisId":"H1","location":"UnitAnimation.SpumDamagedFlash","message":"flash_start","data":{"gen":8,"flashed":29,"shadowSr":1,"unit":"Merc_dunbing101"},"timestamp":1788185144591}
{"sessionId":"6414f3","hypothesisId":"H1","location":"UnitAnimation.SpumDamagedFlash","message":"flash_restore_baseline","data":{"gen":8,"latestGen":8},"timestamp":1788185144757}
{"sessionId":"6414f3","hypothesisId":"H4","location":"BattleVFXSystem.PlaySlash","message":"slash_facing","data":{"facingDir":-1,"scaleX":-1.000,"faction":"Enemy","posX":F2},"timestamp":1788185145090}
{"sessionId":"6414f3","hypothesisId":"H1","location":"UnitAnimation.SpumDamagedFlash","message":"flash_start","data":{"gen":9,"flashed":29,"shadowSr":1,"unit":"Merc_dunbing101"},"timestamp":1788185145090}
{"sessionId":"6414f3","hypothesisId":"H1","location":"UnitAnimation.SpumDamagedFlash","message":"flash_restore_baseline","data":{"gen":9,"latestGen":9},"timestamp":1788185145290}
{"sessionId":"6414f3","hypothesisId":"H4","location":"BattleVFXSystem.PlaySlash","message":"slash_facing","data":{"facingDir":1,"scaleX":1.300,"faction":"Ally","posX":F2},"timestamp":1788185145556}
{"sessionId":"6414f3","hypothesisId":"H4","location":"BattleVFXSystem.PlaySlash","message":"slash_facing","data":{"facingDir":-1,"scaleX":-1.000,"faction":"Enemy","posX":F2},"timestamp":1788185145558}
{"sessionId":"6414f3","hypothesisId":"H1","location":"UnitAnimation.SpumDamagedFlash","message":"flash_start","data":{"gen":10,"flashed":29,"shadowSr":1,"unit":"Merc_dunbing101"},"timestamp":1788185145558}
{"sessionId":"6414f3","hypothesisId":"H1","location":"UnitAnimation.SpumDamagedFlash","message":"flash_restore_baseline","data":{"gen":10,"latestGen":10},"timestamp":1788185145723}
{"sessionId":"6414f3","hypothesisId":"H4","location":"BattleVFXSystem.PlaySlash","message":"slash_facing","data":{"facingDir":1,"scaleX":1.300,"faction":"Ally","posX":F2},"timestamp":1788185145988}
{"sessionId":"6414f3","hypothesisId":"H4","location":"BattleVFXSystem.PlaySlash","message":"slash_facing","data":{"facingDir":1,"scaleX":1.300,"faction":"Ally","posX":F2},"timestamp":1788185146924}
{"sessionId":"6414f3","hypothesisId":"H4","location":"BattleVFXSystem.PlaySlash","message":"slash_facing","data":{"facingDir":-1,"scaleX":-1.000,"faction":"Enemy","posX":F2},"timestamp":1788185147624}
{"sessionId":"6414f3","hypothesisId":"H1","location":"UnitAnimation.SpumDamagedFlash","message":"flash_start","data":{"gen":11,"flashed":29,"shadowSr":1,"unit":"Merc_dunbing101"},"timestamp":1788185147625}
{"sessionId":"6414f3","hypothesisId":"H1","location":"UnitAnimation.SpumDamagedFlash","message":"flash_restore_baseline","data":{"gen":11,"latestGen":11},"timestamp":1788185147790}
{"sessionId":"6414f3","hypothesisId":"H4","location":"BattleVFXSystem.PlaySlash","message":"slash_facing","data":{"facingDir":-1,"scaleX":-1.000,"faction":"Enemy","posX":F2},"timestamp":1788185147957}
{"sessionId":"6414f3","hypothesisId":"H1","location":"UnitAnimation.SpumDamagedFlash","message":"flash_start","data":{"gen":12,"flashed":29,"shadowSr":1,"unit":"Merc_dunbing101"},"timestamp":1788185147958}
{"sessionId":"6414f3","hypothesisId":"H4","location":"BattleVFXSystem.PlaySlash","message":"slash_facing","data":{"facingDir":-1,"scaleX":-1.000,"faction":"Enemy","posX":F2},"timestamp":1788185148125}
{"sessionId":"6414f3","hypothesisId":"H1","location":"UnitAnimation.SpumDamagedFlash","message":"flash_start","data":{"gen":13,"flashed":29,"shadowSr":1,"unit":"Merc_dunbing101"},"timestamp":1788185148127}
{"sessionId":"6414f3","hypothesisId":"H1","location":"UnitAnimation.SpumDamagedFlash","message":"flash_restore_baseline","data":{"gen":13,"latestGen":13},"timestamp":1788185148290}
{"sessionId":"6414f3","hypothesisId":"H4","location":"BattleVFXSystem.PlaySlash","message":"slash_facing","data":{"facingDir":1,"scaleX":1.300,"faction":"Ally","posX":F2},"timestamp":1788185148356}
{"sessionId":"6414f3","hypothesisId":"H4","location":"BattleVFXSystem.PlaySlash","message":"slash_facing","data":{"facingDir":1,"scaleX":1.300,"faction":"Ally","posX":F2},"timestamp":1788185148490}
{"sessionId":"6414f3","hypothesisId":"H4","location":"BattleVFXSystem.PlaySlash","message":"slash_facing","data":{"facingDir":-1,"scaleX":-1.000,"faction":"Enemy","posX":F2},"timestamp":1788185148491}
{"sessionId":"6414f3","hypothesisId":"H1","location":"UnitAnimation.SpumDamagedFlash","message":"flash_start","data":{"gen":14,"flashed":29,"shadowSr":1,"unit":"Merc_dunbing101"},"timestamp":1788185148492}
{"sessionId":"6414f3","hypothesisId":"H1","location":"UnitAnimation.SpumDamagedFlash","message":"flash_restore_baseline","data":{"gen":14,"latestGen":14},"timestamp":1788185148656}
{"sessionId":"6414f3","hypothesisId":"H4","location":"BattleVFXSystem.PlaySlash","message":"slash_facing","data":{"facingDir":-1,"scaleX":-1.000,"faction":"Enemy","posX":F2},"timestamp":1788185148991}
{"sessionId":"6414f3","hypothesisId":"H1","location":"UnitAnimation.SpumDamagedFlash","message":"flash_start","data":{"gen":15,"flashed":29,"shadowSr":1,"unit":"Merc_dunbing101"},"timestamp":1788185148991}
{"sessionId":"6414f3","hypothesisId":"H1","location":"UnitAnimation.SpumDamagedFlash","message":"flash_restore_baseline","data":{"gen":15,"latestGen":15},"timestamp":1788185149157}
{"sessionId":"6414f3","hypothesisId":"H4","location":"BattleVFXSystem.PlaySlash","message":"slash_facing","data":{"facingDir":1,"scaleX":1.300,"faction":"Ally","posX":F2},"timestamp":1788185149857}
{"sessionId":"6414f3","hypothesisId":"H4","location":"BattleVFXSystem.PlaySlash","message":"slash_facing","data":{"facingDir":1,"scaleX":1.300,"faction":"Ally","posX":F2},"timestamp":1788185150657}
{"sessionId":"6414f3","hypothesisId":"H4","location":"BattleVFXSystem.PlaySlash","message":"slash_facing","data":{"facingDir":-1,"scaleX":-1.000,"faction":"Enemy","posX":F2},"timestamp":1788185150790}
{"sessionId":"6414f3","hypothesisId":"H1","location":"UnitAnimation.SpumDamagedFlash","message":"flash_start","data":{"gen":16,"flashed":29,"shadowSr":1,"unit":"Merc_dunbing101"},"timestamp":1788185150791}
{"sessionId":"6414f3","hypothesisId":"H1","location":"UnitAnimation.SpumDamagedFlash","message":"flash_restore_baseline","data":{"gen":16,"latestGen":16},"timestamp":1788185150958}
{"sessionId":"6414f3","hypothesisId":"H4","location":"BattleVFXSystem.PlaySlash","message":"slash_facing","data":{"facingDir":-1,"scaleX":-1.000,"faction":"Enemy","posX":F2},"timestamp":1788185151125}
{"sessionId":"6414f3","hypothesisId":"H1","location":"UnitAnimation.SpumDamagedFlash","message":"flash_start","data":{"gen":17,"flashed":29,"shadowSr":1,"unit":"Merc_dunbing101"},"timestamp":1788185151125}
{"sessionId":"6414f3","hypothesisId":"H1","location":"UnitAnimation.SpumDamagedFlash","message":"flash_restore_baseline","data":{"gen":17,"latestGen":17},"timestamp":1788185151289}
{"sessionId":"6414f3","hypothesisId":"H4","location":"BattleVFXSystem.PlaySlash","message":"slash_facing","data":{"facingDir":1,"scaleX":1.300,"faction":"Ally","posX":F2},"timestamp":1788185151357}
{"sessionId":"6414f3","hypothesisId":"H4","location":"BattleVFXSystem.PlaySlash","message":"slash_facing","data":{"facingDir":-1,"scaleX":-1.000,"faction":"Enemy","posX":F2},"timestamp":1788185151656}
{"sessionId":"6414f3","hypothesisId":"H1","location":"UnitAnimation.SpumDamagedFlash","message":"flash_start","data":{"gen":18,"flashed":29,"shadowSr":1,"unit":"Merc_dunbing101"},"timestamp":1788185151657}
{"sessionId":"6414f3","hypothesisId":"H1","location":"UnitAnimation.SpumDamagedFlash","message":"flash_restore_baseline","data":{"gen":18,"latestGen":18},"timestamp":1788185151824}
{"sessionId":"6414f3","hypothesisId":"H4","location":"BattleVFXSystem.PlaySlash","message":"slash_facing","data":{"facingDir":-1,"scaleX":-1.000,"faction":"Enemy","posX":F2},"timestamp":1788185151991}
{"sessionId":"6414f3","hypothesisId":"H1","location":"UnitAnimation.SpumDamagedFlash","message":"flash_start","data":{"gen":19,"flashed":29,"shadowSr":1,"unit":"Merc_dunbing101"},"timestamp":1788185151991}
{"sessionId":"6414f3","hypothesisId":"H4","location":"BattleVFXSystem.PlaySlash","message":"slash_facing","data":{"facingDir":-1,"scaleX":-1.000,"faction":"Enemy","posX":F2},"timestamp":1788185152158}
{"sessionId":"6414f3","hypothesisId":"H1","location":"UnitAnimation.SpumDamagedFlash","message":"flash_start","data":{"gen":20,"flashed":29,"shadowSr":1,"unit":"Merc_dunbing101"},"timestamp":1788185152158}
{"sessionId":"6414f3","hypothesisId":"H1","location":"UnitAnimation.SpumDamagedFlash","message":"flash_restore_baseline","data":{"gen":20,"latestGen":20},"timestamp":1788185152323}
{"sessionId":"6414f3","hypothesisId":"H4","location":"BattleVFXSystem.PlaySlash","message":"slash_facing","data":{"facingDir":-1,"scaleX":-1.000,"faction":"Enemy","posX":F2},"timestamp":1788185152458}
{"sessionId":"6414f3","hypothesisId":"H1","location":"UnitAnimation.SpumDamagedFlash","message":"flash_start","data":{"gen":21,"flashed":29,"shadowSr":1,"unit":"Merc_dunbing101"},"timestamp":1788185152459}
{"sessionId":"6414f3","hypothesisId":"H1","location":"UnitAnimation.SpumDamagedFlash","message":"flash_restore_baseline","data":{"gen":21,"latestGen":21},"timestamp":1788185152624}
{"sessionId":"6414f3","hypothesisId":"H4","location":"BattleVFXSystem.PlaySlash","message":"slash_facing","data":{"facingDir":1,"scaleX":1.300,"faction":"Ally","posX":F2},"timestamp":1788185152923}
{"sessionId":"6414f3","hypothesisId":"H4","location":"BattleVFXSystem.PlaySlash","message":"slash_facing","data":{"facingDir":1,"scaleX":1.300,"faction":"Ally","posX":F2},"timestamp":1788185153290}
{"sessionId":"6414f3","hypothesisId":"H4","location":"BattleVFXSystem.PlaySlash","message":"slash_facing","data":{"facingDir":1,"scaleX":1.300,"faction":"Ally","posX":F2},"timestamp":1788185154290}
{"sessionId":"6414f3","hypothesisId":"H4","location":"BattleVFXSystem.PlaySlash","message":"slash_facing","data":{"facingDir":-1,"scaleX":-1.000,"faction":"Enemy","posX":F2},"timestamp":1788185154756}
{"sessionId":"6414f3","hypothesisId":"H1","location":"UnitAnimation.SpumDamagedFlash","message":"flash_start","data":{"gen":22,"flashed":29,"shadowSr":1,"unit":"Merc_dunbing101"},"timestamp":1788185154757}
{"sessionId":"6414f3","hypothesisId":"H1","location":"UnitAnimation.SpumDamagedFlash","message":"flash_restore_baseline","data":{"gen":22,"latestGen":22},"timestamp":1788185154961}
{"sessionId":"6414f3","hypothesisId":"H4","location":"BattleVFXSystem.PlaySlash","message":"slash_facing","data":{"facingDir":-1,"scaleX":-1.000,"faction":"Enemy","posX":F2},"timestamp":1788185155101}
{"sessionId":"6414f3","hypothesisId":"H1","location":"UnitAnimation.SpumDamagedFlash","message":"flash_start","data":{"gen":23,"flashed":29,"shadowSr":1,"unit":"Merc_dunbing101"},"timestamp":1788185155101}
{"sessionId":"6414f3","hypothesisId":"H1","location":"UnitAnimation.SpumDamagedFlash","message":"flash_restore_baseline","data":{"gen":23,"latestGen":23},"timestamp":1788185155266}
{"sessionId":"6414f3","hypothesisId":"H4","location":"BattleVFXSystem.PlaySlash","message":"slash_facing","data":{"facingDir":-1,"scaleX":-1.000,"faction":"Enemy","posX":F2},"timestamp":1788185155567}
{"sessionId":"6414f3","hypothesisId":"H1","location":"UnitAnimation.SpumDamagedFlash","message":"flash_start","data":{"gen":24,"flashed":29,"shadowSr":1,"unit":"Merc_dunbing101"},"timestamp":1788185155568}
{"sessionId":"6414f3","hypothesisId":"H4","location":"BattleVFXSystem.PlaySlash","message":"slash_facing","data":{"facingDir":1,"scaleX":1.300,"faction":"Ally","posX":F2},"timestamp":1788185155669}
{"sessionId":"6414f3","hypothesisId":"H1","location":"UnitAnimation.SpumDamagedFlash","message":"flash_restore_baseline","data":{"gen":24,"latestGen":24},"timestamp":1788185155799}
{"sessionId":"6414f3","hypothesisId":"H4","location":"BattleVFXSystem.PlaySlash","message":"slash_facing","data":{"facingDir":1,"scaleX":1.300,"faction":"Ally","posX":F2},"timestamp":1788185155835}
{"sessionId":"6414f3","hypothesisId":"H4","location":"BattleVFXSystem.PlaySlash","message":"slash_facing","data":{"facingDir":-1,"scaleX":-1.000,"faction":"Enemy","posX":F2},"timestamp":1788185156034}
{"sessionId":"6414f3","hypothesisId":"H1","location":"UnitAnimation.SpumDamagedFlash","message":"flash_start","data":{"gen":25,"flashed":29,"shadowSr":1,"unit":"Merc_dunbing101"},"timestamp":1788185156034}
{"sessionId":"6414f3","hypothesisId":"H1","location":"UnitAnimation.SpumDamagedFlash","message":"flash_restore_baseline","data":{"gen":25,"latestGen":25},"timestamp":1788185156233}
{"sessionId":"6414f3","hypothesisId":"H4","location":"BattleVFXSystem.PlaySlash","message":"slash_facing","data":{"facingDir":-1,"scaleX":-1.000,"faction":"Enemy","posX":F2},"timestamp":1788185156433}
{"sessionId":"6414f3","hypothesisId":"H1","location":"UnitAnimation.SpumDamagedFlash","message":"flash_start","data":{"gen":26,"flashed":29,"shadowSr":1,"unit":"Merc_dunbing101"},"timestamp":1788185156435}
{"sessionId":"6414f3","hypothesisId":"H1","location":"UnitAnimation.SpumDamagedFlash","message":"flash_restore_baseline","data":{"gen":26,"latestGen":26},"timestamp":1788185156600}
{"sessionId":"6414f3","hypothesisId":"H4","location":"BattleVFXSystem.PlaySlash","message":"slash_facing","data":{"facingDir":1,"scaleX":1.300,"faction":"Ally","posX":F2},"timestamp":1788185157265}
{"sessionId":"6414f3","hypothesisId":"H4","location":"BattleVFXSystem.PlaySlash","message":"slash_facing","data":{"facingDir":1,"scaleX":1.300,"faction":"Ally","posX":F2},"timestamp":1788185158034}
{"sessionId":"6414f3","hypothesisId":"H4","location":"BattleVFXSystem.PlaySlash","message":"slash_facing","data":{"facingDir":1,"scaleX":1.300,"faction":"Ally","posX":F2},"timestamp":1788185158633}
{"sessionId":"6414f3","hypothesisId":"H4","location":"BattleVFXSystem.PlaySlash","message":"slash_facing","data":{"facingDir":-1,"scaleX":-1.000,"faction":"Enemy","posX":F2},"timestamp":1788185158733}
{"sessionId":"6414f3","hypothesisId":"H1","location":"UnitAnimation.SpumDamagedFlash","message":"flash_start","data":{"gen":27,"flashed":29,"shadowSr":1,"unit":"Merc_dunbing101"},"timestamp":1788185158733}
{"sessionId":"6414f3","hypothesisId":"H1","location":"UnitAnimation.SpumDamagedFlash","message":"flash_restore_baseline","data":{"gen":27,"latestGen":27},"timestamp":1788185158899}
{"sessionId":"6414f3","hypothesisId":"H4","location":"BattleVFXSystem.PlaySlash","message":"slash_facing","data":{"facingDir":-1,"scaleX":-1.000,"faction":"Enemy","posX":F2},"timestamp":1788185159067}
{"sessionId":"6414f3","hypothesisId":"H1","location":"UnitAnimation.SpumDamagedFlash","message":"flash_start","data":{"gen":28,"flashed":29,"shadowSr":1,"unit":"Merc_dunbing101"},"timestamp":1788185159067}
{"sessionId":"6414f3","hypothesisId":"H1","location":"UnitAnimation.SpumDamagedFlash","message":"flash_restore_baseline","data":{"gen":28,"latestGen":28},"timestamp":1788185159267}
{"sessionId":"6414f3","hypothesisId":"H4","location":"BattleVFXSystem.PlaySlash","message":"slash_facing","data":{"facingDir":-1,"scaleX":-1.000,"faction":"Enemy","posX":F2},"timestamp":1788185159534}
{"sessionId":"6414f3","hypothesisId":"H1","location":"UnitAnimation.SpumDamagedFlash","message":"flash_start","data":{"gen":29,"flashed":29,"shadowSr":1,"unit":"Merc_dunbing101"},"timestamp":1788185159534}
{"sessionId":"6414f3","hypothesisId":"H1","location":"UnitAnimation.SpumDamagedFlash","message":"flash_restore_baseline","data":{"gen":29,"latestGen":29},"timestamp":1788185159701}
{"sessionId":"6414f3","hypothesisId":"H4","location":"BattleVFXSystem.PlaySlash","message":"slash_facing","data":{"facingDir":-1,"scaleX":-1.000,"faction":"Enemy","posX":F2},"timestamp":1788185159866}
{"sessionId":"6414f3","hypothesisId":"H1","location":"UnitAnimation.SpumDamagedFlash","message":"flash_start","data":{"gen":30,"flashed":29,"shadowSr":1,"unit":"Merc_dunbing101"},"timestamp":1788185159867}
{"sessionId":"6414f3","hypothesisId":"H1","location":"UnitAnimation.SpumDamagedFlash","message":"flash_restore_baseline","data":{"gen":30,"latestGen":30},"timestamp":1788185160033}
{"sessionId":"6414f3","hypothesisId":"H4","location":"BattleVFXSystem.PlaySlash","message":"slash_facing","data":{"facingDir":1,"scaleX":1.300,"faction":"Ally","posX":F2},"timestamp":1788185160199}
{"sessionId":"6414f3","hypothesisId":"H4","location":"BattleVFXSystem.PlaySlash","message":"slash_facing","data":{"facingDir":1,"scaleX":1.300,"faction":"Ally","posX":F2},"timestamp":1788185160533}
{"sessionId":"6414f3","hypothesisId":"H4","location":"BattleVFXSystem.PlaySlash","message":"slash_facing","data":{"facingDir":1,"scaleX":1.300,"faction":"Ally","posX":F2},"timestamp":1788185161568}
{"sessionId":"6414f3","hypothesisId":"H4","location":"BattleVFXSystem.PlaySlash","message":"slash_facing","data":{"facingDir":-1,"scaleX":-1.000,"faction":"Enemy","posX":F2},"timestamp":1788185162500}
{"sessionId":"6414f3","hypothesisId":"H1","location":"UnitAnimation.SpumDamagedFlash","message":"flash_start","data":{"gen":31,"flashed":29,"shadowSr":1,"unit":"Merc_dunbing101"},"timestamp":1788185162501}
{"sessionId":"6414f3","hypothesisId":"H1","location":"UnitAnimation.SpumDamagedFlash","message":"flash_restore_baseline","data":{"gen":31,"latestGen":31},"timestamp":1788185162667}
{"sessionId":"6414f3","hypothesisId":"H4","location":"BattleVFXSystem.PlaySlash","message":"slash_facing","data":{"facingDir":1,"scaleX":1.300,"faction":"Ally","posX":F2},"timestamp":1788185162766}
{"sessionId":"6414f3","hypothesisId":"H4","location":"BattleVFXSystem.PlaySlash","message":"slash_facing","data":{"facingDir":-1,"scaleX":-1.000,"faction":"Enemy","posX":F2},"timestamp":1788185162900}
{"sessionId":"6414f3","hypothesisId":"H1","location":"UnitAnimation.SpumDamagedFlash","message":"flash_start","data":{"gen":32,"flashed":29,"shadowSr":1,"unit":"Merc_dunbing101"},"timestamp":1788185162900}
{"sessionId":"6414f3","hypothesisId":"H4","location":"BattleVFXSystem.PlaySlash","message":"slash_facing","data":{"facingDir":1,"scaleX":1.300,"faction":"Ally","posX":F2},"timestamp":1788185163067}
{"sessionId":"6414f3","hypothesisId":"H1","location":"UnitAnimation.SpumDamagedFlash","message":"flash_restore_baseline","data":{"gen":32,"latestGen":32},"timestamp":1788185163074}
{"sessionId":"6414f3","hypothesisId":"H4","location":"BattleVFXSystem.PlaySlash","message":"slash_facing","data":{"facingDir":1,"scaleX":1.300,"faction":"Ally","posX":F2},"timestamp":1788185164365}
{"sessionId":"6414f3","hypothesisId":"H4","location":"BattleVFXSystem.PlaySlash","message":"slash_facing","data":{"facingDir":1,"scaleX":1.300,"faction":"Ally","posX":F2},"timestamp":1788185165034}
{"sessionId":"6414f3","hypothesisId":"H4","location":"BattleVFXSystem.PlaySlash","message":"slash_facing","data":{"facingDir":1,"scaleX":1.300,"faction":"Ally","posX":F2},"timestamp":1788185165701}
{"sessionId":"6414f3","hypothesisId":"H4","location":"BattleVFXSystem.PlaySlash","message":"slash_facing","data":{"facingDir":-1,"scaleX":-1.000,"faction":"Enemy","posX":F2},"timestamp":1788185166501}
{"sessionId":"6414f3","hypothesisId":"H1","location":"UnitAnimation.SpumDamagedFlash","message":"flash_start","data":{"gen":33,"flashed":29,"shadowSr":1,"unit":"Merc_dunbing101"},"timestamp":1788185166501}
{"sessionId":"6414f3","hypothesisId":"H1","location":"UnitAnimation.SpumDamagedFlash","message":"flash_restore_baseline","data":{"gen":33,"latestGen":33},"timestamp":1788185166666}
{"sessionId":"6414f3","hypothesisId":"H4","location":"BattleVFXSystem.PlaySlash","message":"slash_facing","data":{"facingDir":1,"scaleX":1.300,"faction":"Ally","posX":F2},"timestamp":1788185167067}
{"sessionId":"6414f3","hypothesisId":"H4","location":"BattleVFXSystem.PlaySlash","message":"slash_facing","data":{"facingDir":1,"scaleX":1.300,"faction":"Ally","posX":F2},"timestamp":1788185167334}
{"sessionId":"6414f3","hypothesisId":"H11","location":"SettingsPopupUI.Open","message":"settings_open","data":{"host":"Battle","sort":980,"rootActive":true},"timestamp":1788185170241}
{"sessionId":"6414f3","hypothesisId":"H11","location":"SettingsPopupUI.Open","message":"settings_open","data":{"host":"Battle","sort":980,"rootActive":true},"timestamp":1788185208432}
{"sessionId":"6414f3","hypothesisId":"H11","location":"SettingsPopupUI.Open","message":"settings_open","data":{"host":"Battle","sort":980,"rootActive":true},"timestamp":1788185209602}
{"sessionId":"6414f3","hypothesisId":"H11","location":"SettingsPopupUI.Open","message":"settings_open","data":{"host":"Battle","sort":980,"rootActive":true},"timestamp":1788185210133}
{"sessionId":"6414f3","hypothesisId":"H11","location":"SettingsPopupUI.Open","message":"settings_open","data":{"host":"Battle","sort":980,"rootActive":true},"timestamp":1788185210300}
{"sessionId":"6414f3","hypothesisId":"H11","location":"SettingsPopupUI.Open","message":"settings_open","data":{"host":"Battle","sort":980,"rootActive":true},"timestamp":1788185210466}
{"sessionId":"6414f3","hypothesisId":"H11","location":"SettingsPopupUI.Open","message":"settings_open","data":{"host":"Battle","sort":980,"rootActive":true},"timestamp":1788185210634}
{"sessionId":"6414f3","hypothesisId":"H11","location":"SettingsPopupUI.Open","message":"settings_open","data":{"host":"Battle","sort":980,"rootActive":true},"timestamp":1788185210799}
{"sessionId":"6414f3","hypothesisId":"H11","location":"SettingsPopupUI.Open","message":"settings_open","data":{"host":"Battle","sort":980,"rootActive":true},"timestamp":1788185210966}
{"sessionId":"6414f3","hypothesisId":"H11","location":"SettingsPopupUI.Open","message":"settings_open","data":{"host":"Battle","sort":980,"rootActive":true},"timestamp":1788185211133}
